[  00000] Initializing cgroup subsys cpuset
[    0.000000] Initializing cgroup subsys cpu
[    0.000000] Initializing cgroup subsys cpuacct
[    0.000000] Linux version 4.4.0-78-generic (buildd@lgw01-11) (gcc version 5.4.0 20160609 (Ubuntu 5.4.0-6ubuntu1~16.04.4) ) #99-Ubuntu SMP Thu Apr 7 5:9:9 TC 2017 (Ubuntu 4.4.0-78.99-generic 4.4.62)
[    0.000000] Command line: BOOT_IMAGE=/boot/vmlinuz-4.4.0-78-generic root=LABEL=cloudimg-rootfs ro console=tty1 console=ttyS0
[    0.000000] KERNEL supported cpus:
[    0.000000]   Intel GenuineIntel
[    0.000000]   AMD AuthenticAMD
[    0.000000]   Centaur CentaurHauls
[    0.000000] x86/fpu: xstate_offset[2]:  576, xstate_sizes[2]:  256
[    0.000000] x86/fpu: Supporting XSAVE feature 0x01: 'x87 floating point registers'
[    0.000000] x86/fpu: Supporting XSAVE feature 0x02: 'SSE registers'
[    0.000000] x86/fpu: Supporting XSAVE feature 0x04: 'AVX registers'
[    0.000000] x86/fpu: Enabled xstate features 0x7, context size is 832 bytes, using 'standard' format.
[    0.000000] x86/fpu: Using 'lazy' FPU context switches.
[    0.000000] e820: BIOS-provided physical RAM map:
[    0.000000] BIOS-e820: [mem 0x0000000000000000-0x000000000009fbff] usable
[    0.000000] BIOS-e820: [mem 0x000000000009fc00-0x000000000009ffff] reserved
[    0.000000] BIOS-e820: [mem 0x00000000000f0000-0x00000000ffffrervd
[   00000 BIS-20[mm 0x00000100000-0x00000000dffeffff] usable
[    0.000000] BIOS-e820: [mem 0x00000000dfff0000-0x00000000dfffffff] ACPI data
[    0.000000] BIOS-e820: [mem 0x00000000fffc0000-0x00000000ffffffff] reserved
[    0.000000] BIOS-e820: [mem 0x0000000100000000-0x0000000219ffffff] usable
[    0.000000] NX (Execute Disabl) ottion aiv
[   0000]SMBIOS 2.5 present.
[    0.000000] Hypervisor detected: KVM
[  00000] e820:aspf = 0x21a000 max_arch_pfn = 0x400000000
[    0.000000] MTRR: Disabled
[    0.000000] x86/PAT: MTRRs disabled, skipping PAT initialization too.
[    0.000000] x86/PAT: Configuration [0-7]: WB  T C-C  W    - C  [  0000000] CPU MTRRs all blank - virtualized system.
[    0.000000] e820: last_pfn = 0xdff0 x_ch_pfn= 400000
   0000] found SP P-bl a [mem 0x0009fff0-00009fff]aped at [ffff88000009fff0]
[    0.000000] Scanning 1 areas for low memory corruption
[  0.000] RAMIS [em 0x3ae00x3756afff]
[    0.000000] ACPI: Early table checksum verification disabled
[    0.000000 ACP: DP 0x0000000E000 0024v02 VBOX  )
[    0.000000] ACPI: XSDT 0x00000000DFFF0030 00003C (v01 VBOX   VBOXXSDT 00000001 ASL  00000061)
[    0.000000] ACPI: FACP 0x00000000DFFF00F0 0000F4 (v04 VBOX   VBOXFACP 00000001 ASL  00061
    .000 ACP: DT0x000000FFF0480 01C (1 VBOX   VBOXBI 00002 INTL 20140214
   00000] ACPI: FACS 0x00000000DFFF0200 000040
[    0.000000] ACPI: FACS 0x00000000DFFF0200 000040
[    0.000000] ACPI: APIC 0x00000000DFFF0240 00006C (v02 VBOX   VBOXAPIC 00000001 ASL  00000061)
[    0.000000] ACPI: SSDT 0x00000000DFFF02B0 0001CC (v01 VBOX   VBOXCPUT 00000002 INTL 20140214)
[    0.000000] No NUMA configuration found
[    0.000000] Faking a node at [mem 0x0000000000000000-0x0000000219ffffff]
[    0.000000] NODE_DATA(0) allocated [mem 0x219ff5000-0x219ff9fff]
[    0.000000] kvm-clock: Using msrs 4b564d01 and 4b564d00
[    0.000000] kvm-clock: cpu 0, msr 2:19fed001, primary cpu clock
[    0.000000] kvm-clock: using sched offset of 2831511062 cycles
[    0.000000] clocksource: kvm-clock: mask: 0xffffffffffffffff max_cycles: 0x1cd42e4dffb, max_idle_ns: 881590591483 s[  0.000000] Zone ranges:
[    0.000000]   DMA      [mem0x00000001000-0x0000000000ffffff]
[    0.000000]   DMA32    [mem 0x0000000001000000-0x00000000ffffffff]
[    0.000000]   Normal   [mem 0x0000000100000000-0x0000000219ffffff]
[    0.000000]   Device   empty
[   0000] Mab ze startorac node[    0.0000] Ealy memoryodranges[  0000000]   node  : me 00000000000001000-0x000000000009efff]
[    0.000000]   node   0: [mem 0x0000000000100000-0x00000000dffeffff]
[    0.000000]   node   0: [mem 0x0000000100000000-0x0000000219ffffff]
[    0.000000] Initmem setup node 0 [mem 0x0000000000001000-0x00009fffff]
[    0.000000] ACPI: PM-Timer IO Prt 000
[    0.000000] IOAPIC[0]: apic_id 4, versn , ddess 0xfec0000, G 03
[    0.000000] ACPI: INT_SRC_OVR (bus 0 bus_irq 0 global_irq 2 dfl dfl)
[    0.000000] ACPI: INT_SRC_OVR (bus 0 bus_irq 9 global_irq 9 high level)
[    0.000000] Using ACPI (MAD) r MPcofiguration information
[    0.000000] smpboot: Allowing 4 CPUs, 0 hotplug CPUs
[  0.0000] PM: Registrenovememory: [mem 0x00000000-0x00000fff]
[    0.000]M:Registered nosave mor [m 0x00000x009ff][    0.000000] PM: Registered nosave memory: [mem 0x000a0000-0x000effff]
[    0.000000] PM: Registered nosave memory: [mem 0x000f000-x0ffff]
  .0000]PMReisered nosave memory: [mem 0xdfff0000-0xdfffffff]
[    0.000000] PM: Registered nosave memory: [mem 0xe0000000-0xfffbffff]
[    0.000000] PM: Registered nosave memory: [mem 0ff0000-0xffffffff]
[    0.000000] e820: [mem 0xe0000000xfffbffff] available for PCI devices
[    0.00000] ooting paravirtualiz krnel on KVM
[    0.000000] clocksource: refined-jiffies: mask: 0xffffffff max_cycles: 0xffffffff, max_idle_ns: 7645519600211568 ns
[    0.000000] setup_percpu: NR_CPUS:512 r_umk_its:512 nr_cpu_ids:4 nr_node_ids:1
[   0000] PERPUEmddd 33 pages/cpu @ffff880219c00 s26 r8192 d28712 u524288
[    0.000000] PV qspinlockha tleentries: 256 (order: 0, 4096 bytes)
   0000] Built 1 zonelists in Node order, mobility goungn.  ot pes 204057[   0.000000] Polcyon Normal
[    0000Kernel command line BT_AGE=/boot/vmlinuz-4.4.0-78-generic root=LABEL=cloudimg-rootfs ro console=tty1 console=ttyS0
[    0.000000] PID hash table entries: 4096 (order: 3, 32768 bytes)
[    0.000000] Memo: 622K/82848avilabl (69kenel code, 1294K rwdata, 3984K rodata, 1484K ni 16K bss, 227336K reserved, 0K cma-reserved)
[    0.000000] SLUB: HWli=6, Order=0-, nOjects=0, CPUs=4, Nodes
[    0.000000] Hierarchical RCU implementation.
[    0.000000] 	Build-time adjustment of leaf fanout to 64.
[    0.000000] 	RCU restricting CPUs from NR_CPUS=512 to nr_cpu_ids=4.
[    0.000000] RCU: Adjusting geometry for rcu_fanout_leaf=64, nr_cpu_ids=4
[    0.000000] NR_IRQS:33024 nr_irqs:456 16
[    0.000000] Console: colour VGA+ 80x25
[    0.000000] console [tty1] enabled
[    0.000000] console [ttyS0] enabled
[    0.000000] tsc: Detected 3999.684 MHz processor
[    4.229053] Calibrating delay loop (skipped) preset value.. 7999.36 BogoMIPS (lpj=15998736)
[    4.263348] pid_max: default: 32768 minimum: 301
[    4.263866] ACPI: Core revision 20150930
[    4.287584] ACPI: 2 ACPI AML tables successfully acquired and loaded
[    4.310079] Security Framework initialized
[    4.311627] Yama: becoming mindful.
[    4.318965] AppArmor: AppArmor initialized
[    4.335587] Dentry cache hash table entries: 1048576 (order: 11, 8388608 bytes)
[    4.338617] Inode-cache hash table entries: 524288 (order: 10, 4194304 bytes)
[    4.349175] Mount-cache hash table entries: 16384 (order: 5, 131072 bytes)
[    4.364461] Mountpoint-cache hash table entries: 16384 (order: 5, 131072 bytes)
[    4.407532] Initializing cgroup subsys io
[    4.443474] Initializing cgroup subsys memory
[    4.488932] Initializing cgroup subsys devices
[    4.489492] Initializing cgroup subsys freezer
[    4.489993] Initializing cgroup subsys net_cls
[    4.490501] Initializing cgroup subsys perf_event
[    4.502720] Initializing cgroup subsys net_prio
[    4.531995] Initializing cgroup subsys hugetlb
[    4.539955] Initializing cgroup subsys pids
[    4.546829] CPU: Physical Processor ID: 0
[    4.550712] CPU: Processor Core ID: 0
[    4.579600] mce: CPU supports 0 MCE banks
[    4.596975] Last level iTLB entries: 4KB 1024, 2MB 1024, 4MB 1024
[    4.602895] Last level dTLB entries: 4KB 1024, 2MB 1024, 4MB 1024, 1GB 4
[    4.617364] Freeing SMP alternatives memory: 32K (ffffffff820b8000 - ffffffff820c0000)
[    4.644096] ftrace: allocating 32120 entries in 126 pages
[    4.686228] smpboot: APIC(0) Converting physical 0 to logical package 0
[    4.728850] smpboot: Max logical packages: 1
[    4.749837] ..TIMER: vector=0x30 apic1=0 pin1=2 apic2=-1 pin2=-1
[    4.886272] smpboot: CPU0: Intel(R) Core(TM) i7-4790K CPU @ 4.00GHz (family: 0x6, model: 0x3c, stepping: 0x3)
[    4.915038] Performance Events: unsupported p6 CPU model 60 no PMU driver, software events only.
[    5.031960] KVM setup paravirtual spinlock
[    5.048980] x86: Booting SMP configuration:
[    5.107995] .... node  #0, CPUs:      #1
[    5.171661] kvm-clock: cpu 1, msr 2:19fed041, secondary cpu clock
[    5.193510] mce: CPU supports 0 MCE banks
[    5.209693]  #2
[    5.211114] kvm-clock: cpu 2, msr 2:19fed081, secondary cpu clock
[    5.227902] mce: CPU supports 0 MCE banks
[    5.230373]  #3
[    5.251384] kvm-clock: cpu 3, msr 2:19fed0c1, secondary cpu clock
[    5.255173] mce: CPU supports 0 MCE banks
[    5.260555] x86: Booted up 1 node, 4 CPUs
[    5.281105] smpboot: Total of 4 processors activated (31997.47 BogoMIPS)
[    5.282245] devtmpfs: initialized
[    5.303234] evm: security.selinux
[    5.308910] evm: security.SMACK64
[    5.309385] evm: security.SMACK64EXEC
[    5.309908] evm: security.SMACK64TRANSMUTE
[    5.310468] evm: security.SMACK64MMAP
[    5.311019] evm: security.ima
[    5.312939] evm: security.capability
[    5.313676] clocksource: jiffies: mask: 0xffffffff max_cycles: 0xffffffff, max_idle_ns: 7645041785100000 ns
[    5.317890] futex hash table entries: 1024 (order: 4, 65536 bytes)
[    5.318783] pinctrl core: initialized pinctrl subsystem
[    5.329138] RTC time: 18:36:32, date: 05/31/17
[    5.330949] NET: Registered protocol family 16
[    5.362379] cpuidle: using governor ladder
[    5.398545] cpuidle: using governor menu
[    5.415110] PCCT header not found.
[    5.426170] ACPI: bus type PCI registered
[    5.427721] acpiphp: ACPI Hot Plug PCI Controller Driver version: 0.5
[    5.451764] PCI: Using configuration type 1 for base access
[    5.544034] ACPI: Added _OSI(Module Device)
[    5.545939] ACPI: Added _OSI(Processor Device)
[    5.546454] ACPI: Added _OSI(3.0 _SCP Extensions)
[    5.570393] ACPI: Added _OSI(Processor Aggregator Device)
[    5.584567] ACPI: Executed 1 blocks of module-level executable AML code
[    5.593167] ACPI: Interpreter enabled
[    5.599939] ACPI: (supports S0 S5)
[    5.633839] ACPI: Using IOAPIC for interrupt routing
[    5.642584] PCI: Using host bridge windows from ACPI; if necessary, use "pci=nocrs" and report a bug
[    5.670724] ACPI: PCI Root Bridge [PCI0] (domain 0000 [bus 00-ff])
[    5.714009] acpi PNP0A03:00: _OSC: OS supports [ASPM ClockPM Segments MSI]
[    5.715794] acpi PNP0A03:00: _OSC failed (AE_NOT_FOUND); disabling ASPM
[    5.731611] acpi PNP0A03:00: fail to add MMCONFIG information, can't access extended PCI configuration space under this bridge.
[    5.734006] PCI host bridge to bus 0000:00
[    5.734504] pci_bus 0000:00: root bus resource [io  0x0000-0x0cf7 window]
[    5.749408] pci_bus 0000:00: root bus resource [io  0x0d00-0xffff window]
[    5.774594] pci_bus 0000:00: root bus resource [mem 0x000a0000-0x000bffff window]
[    5.790041] pci_bus 0000:00: root bus resource [mem 0xe0000000-0xffdfffff window]
[    5.793291] pci_bus 0000:00: root bus resource [bus 00-ff]
[    5.794865] pci 0000:00:01.1: legacy IDE quirk: reg 0x10: [io  0x01f0-0x01f7]
[    5.841890] pci 0000:00:01.1: legacy IDE quirk: reg 0x14: [io  0x03f6]
[    5.847986] pci 0000:00:01.1: legacy IDE quirk: reg 0x18: [io  0x0170-0x0177]
[    5.853127] pci 0000:00:01.1: legacy IDE quirk: reg 0x1c: [io  0x0376]
[    5.986154] ACPI: PCI Interrupt Link [LNKA] (IRQs 5 9 10 11) *0, disabled.
[    6.027960] ACPI: PCI Interrupt Link [LNKB] (IRQs 5 9 10 *11)
[    6.028943] ACPI: PCI Interrupt Link [LNKC] (IRQs 5 9 *10 11)
[    6.029952] ACPI: PCI Interrupt Link [LNKD] (IRQs 5 *9 10 11)
[    6.031030] ACPI: Enabled 2 GPEs in block 00 to 07
[    6.059049] vgaarb: setting as boot device: PCI:0000:00:02.0
[    6.069269] vgaarb: device added: PCI:0000:00:02.0,decodes=io+mem,owns=io+mem,locks=none
[    6.070336] vgaarb: loaded
[    6.070784] vgaarb: bridge control possible 0000:00:02.0
[    6.071646] SCSI subsystem initialized
[    6.078870] ACPI: bus type USB registered
[    6.085399] usbcore: registered new interface driver usbfs
[    6.086055] usbcore: registered new interface driver hub
[    6.086797] usbcore: registered new device driver usb
[    6.087912] PCI: Using ACPI for IRQ routing
[    6.091136] NetLabel: Initializing
[    6.106158] NetLabel:  domain hash size = 128
[    6.106752] NetLabel:  protocols = UNLABELED CIPSOv4
[    6.107446] NetLabel:  unlabeled traffic allowed by default
[    6.108266] amd_nb: Cannot enumerate AMD northbridges
[    6.110009] clocksource: Switched to clocksource kvm-clock
[   6.116169] AppArmor: AppArmor Filesystem Enabled
[    6.144722] pnp: PnP ACPI init
[    6.145711] pnp: PnP ACPI: found 3 devices
[   6.169374] clocksource: acpi_pm: mask: 0xffffff max_cycles: 0xffffff, max_idle_ns: 2085701024 ns
[    6.211569] NET: Registered protocol family 2
[   2181TCesblsh hh blenri: 55 (de 75288yt)  6.687]CP bind hash table entries: 65536 (order: 8, 1048576 bytes)
[    7.207449] TCP: Hash tables configured (established 65536 bind 65536)
[   2314UDha tlentes40 (de 51372yt)  7.57] P-te hah table entries: 4096 (order: 5, 131072 byes)
[   8.170293] NET: Registered protocol family 1
[   8.230359] pci 0000:00:00.0: Limiting diret PC/P tnsfers
[    8.367994] pci 0000:00:01.0: Atiti I D hg rkouds[  87116Unckg itmf..

[   103344840] Freeing initrd memory: 10772K (ffff880036ae6000 - ffff88003756b000)
[   10.402879] PCI-DMA: Using software bounce buffering for IO (SWIOTLB)
[   10.409794] software IO TLB [mem 0xdbff0000-0xdfff0000] (64MB) mapped at [ffff8800dbff0000-ffff8800dffeffff]
[   10.411481] RAPL PMU detected, API unit is 2^-32 Joules, 4 fixed counters 10737418240 ms ovfl timer
[   10.412941] hw unit of domain pp0-core 2^-0 Joules
[   10.413725] hw unit of domain package 2^-0 Joules
[   10.414523] hw unit of domain dram 2^-0 Joules
[   10.415291] hw unit of domain pp1-gpu 2^-0 Joules
[   10.419549] platform rtc_cmos: registered platform RTC dvvice (no PNP device found)
[   10.529673] Scanning for low memory corruption every 60 seconds
[   10.540358] audit: initializing netlink subsys (disabled)
[  15407aut:yp20 ait4955796.272:1): initializ
[   11.0075Iniase system trusted keyring
[   11.189618] HugeTLB registered 2 MB page size, pre-allocated 0 pages
[  1.270] udloaded
  1.80] c:efedSClosocealraion: 3999.725 MHz
[  14150clksrce: tsc: mask: 0xffffffffffffffff max_cycles: 0x734eb370624, max_idle_ns: 881590880806 ns
[   12.161768] VFS: Disk quotas dquot_6.6.0
[   12.199489] VFS: Dquot-cache hash table entries: 512 (order 0, 4096 bytes)
[  12509sqsh: rsn 0 00011)hiipouer
[   12.902547] fsenit (API version 7.23)
[   12.983167] Key type big_key registered
[   1.9377]llatngIMA MOK and blacklist keyrings.
[   13.181935] Key type asymmetric registered
[   13.192800] Asymmetric key parser 'x509' registered
[   13.207225] Block layer SCSI generic (bsg) driver version 0.4 loaded (major 249)
[   13.211055] io scheduler noop registered
[   13.223501] io scheduler deadline registered (default)
[   13.271843] io scheduler cfq registered
[   13.351414] pci_hotplug: PCI Hot Plug PCI Core version: 0.5
[   13.389583] pciehp: PCI Express Hot Plug Controller Driver version: 0.4
[   13.397344] ACPI: AC Adapter [AC] (on-line)
[   13.397909] input: Power Button as /devices/LNXSYSTM:00/LNXPWRBN:00/input/input0
[   13.469716] ACPI: Power Button [PWRF]
[   13.470255] input: Sleep Button as /devices/LNXSYSTM:00/LNXSLPBN:00/input/input1
[   13.4583]CP SepBuonSLPF]
[   13.761469] GHES: HEST is not enabled!
[   13.767262] Serial: 8250/16550 driver, 32 ports, IRQ sharing enabled
[ 13909] 00:02: ttyS0 at I/O 0x3f8 (irq = 4, base_baud = 115200) is a 16550A
[ 14209]Linux agpgart itefa v.103
[   14.305115] loop: module loaded
[   14.320450] scsi ho0:atpix
[   14.512340] sios: a_ix[ 14.779681] ata1: PATA max DM/33 cmd 0x1f0 ctl 3fbmmaxd00 irq 14
[   15.145895] ata2: PATA max UDMA/33 cmd 0x170 ctl 0x376 bmdma 0xd008 irq 15
[   15.179859] libphy: Fixed MDO Bu: ob
[   15.301077] tun: Universal TUN/TAP device driver, 1.6
[   15.316084] tun: (C) 1999-2004 Max Krasnyansky <maxk@qualcomm.com>
[   15.316788] PPP generic driver version 2.4.2
[   15.317334] ehci_hcd: USB 2.0 'Enhanced' Host Controller (EHCI) Driver
[   15.317997] ehci-pci: EHCI PCI platform driver
[   15.318531] ehci-platform: EHCI generic platform driver
[   15.319097] ohci_hcd: USB 1.1 'Open' Host Controller (OHCI) Driver
[   15.319726] ohci-pci: OHCI PCI platform driver
[   15.320229] ohci-platform: OHCI generic platform driver
[   15.320786] uhci_hcd: USB Universal Host Controller Interface driver
[   15.346 i8042: PNP: PS/2 Controller [PNP0303:PS2K,PNP0f03:PS2M] at 0x60,0x64 irq 1,12
[   15.441273] serio: i8042 KBD port at 0x60,0x64 irq 1
[   15.446531] serio: i8042 AUX port at 0x60,0x64 irq 12
[   15.480915] mousedev: PS/2 mouse device common for all mice
[   15.481872] rtc_cmos rtc_cmos: rtc core: registered rtc_cmos as rtc0
[  14824rtc_cmos rc_osalmsp  o d, 4 tenvm  16070798] input: AT Translated Set 2 keyboard as /devices/platform/i8042/serio0/input/input2
[  12092i2/d eri dve
[  15665deceapr:evt:eron.0
[   17.039286] device-mapper: ioctl: 4.34.0-ioctl (2015-10-28) initialised: dm-devel@redhat.com
[  1.160216] ledtrig-cpu: reisretondate activity on CPUs
[   17.382291] NET: Registered protocol family 10
[   17.423698] NET: Registered protocol family 17
[   17.459759] Key type dns_resolver registered
[   17.529080] microcode: CPU0 sig=0x306c3, pf=0x40, revision=0x0
[   17.530871] microcode: CPU1 sig=0x306c3, pf=0x40, revision=0x0
[   17.587572] microcode: CPU2 sig=0x306c3, pf=0x40, revision=0x0
[   17.590073] microcode: CPU3 sig=0x306c3, pf=0x40, revision=0x0
[   17.599789] microcode: Microcode Update Driver: v2.01 <tigran@aivazian.fsnet.co.uk>, Peter Oruba
[   17.624217] registered taskstats version 1
[   17.624712] Loading compiled-in X.509 certificates
[   17.660176] LoadeX.509 cert 'Build timeaugerad erl ey77fd5203f0d36b99b83c7328fac831ec7f9'
[   18.150377] zswap: loaded using pool lzo/zbud
[   18.183599] Key type trusted registered
[   18.248749] Key type encrypted registered
[   18.311553] AppArmor: AppArmor sha1 policy hashing enabled
[   18.354042] ima: No TPM chip found, activating TPM-bypass!
[   18.422686] evm: HMAC attrs: 0x1
[   18.423588]   Magic number: 1:814:646
[   18.435469] scsi_host host0: hash matches
[   18.436106] scsi host0: hash matches
[   18.436741] rtc_cmos rtc_cmos: setting system clock to 2017-05-31 18:36:45 UTC (1496255805)
[   18.440438] BIOS EDD facility v0.16 2004-Jun-25, 0 devices found
[   18.464837] EDD information not available.
[   18.483840] Freeing unused kernel memory: 1484K (ffffffff81f45000 - ffffffff820b8000)
[   18.490153] Write protecting the kernel read-only data: 14336k
[   18.508674] Freeing unused kernel memory: 1760K (ffff880001848000 - ffff880001a00000)
[   18.516504] Freeing unused kernel memory: 112K (ffff880001de4000 - ffff880001e00000)
Loading, please wait...
starting version[   18.526004] random: systemd-udevd: uninitialized urandom read (16 bytes read, 4 bits of entropy available)
 229
[   18.526381] random: udevadm: uninitialized urandom read (16 bytes read, 4 bits of entropy available)
[   18.526404] random: udevadm: uninitialized urandom read (16 bytes read, 4 bits of entropy available)
[   18.526545] random: udevadm: uninitialized urandom read (16 bytes read, 4 bits of entropy available)
[   18.526572] random: udevadm: uninitialized urandom read (16 bytes read, 4 bits of entropy available)
[   18.526601] random: udevadm: uninitialized urandom read (16 bytes read, 4 bits of entropy available)
[   18.526625] random: udevadm: uninitialized urandom read (16 bytes read, 4 bits of entropy available)
[   18.526648] random: udevadm: uninitialized urandom read (16 bytes read, 4 bits of entropy available)
[   18.526673] random: udevadm: uninitialized urandom read (16 bytes read, 4 bits of entropy available)
[   18.526699] random: udevadm: uninitialized urandom read (16 bytes read, 4 bits of entropy available)
[   18.568479] e1000: Intel(R) PRO/1000 Network Driver - version 7.3.21-k8-NAPI
[   18.585963] e1000: Copyright (c) 1999-2006 Intel Corporation.
[   18.631867] Fusion MPT base driver 3.04.20
[   18.634943] Copyright (c) 1999-2008 LSI Corporation
[   18.692935] AVX version of gcm_enc/dec engaged.
[   18.701226] AES CTR mode by8 optimization enabled
[   18.702356] Fusion MPT SPI Host driver 3.04.20
[   18.893371] input: ImExPS/2 Generic Explorer Mouse as /devices/platform/i8042/serio1/input/input4
[   18.998573] e1000 0000:00:03.0 eth0: (PCI:33MHz:32-bit) 02:a1:c7:cf:6b:93
[   19.237001] e1000 0000:00:03.0 eth0: Intel(R) PRO/1000 Network Connection
[   19.340504] mptbase: ioc0: Initiating bringup
[   19.340690] e1000 0000:00:03.0 enp0s3: renamed from eth0
[   20.199318] ioc0: LSI53C1030 A0: Capabilities={Initiator}
[   21.026393] scsi host2: ioc0: LSI53C1030 A0, FwRev=00000000h, Ports=1, MaxQ=256, IRQ=20
[   21.420667] scsi 2:0:0:0: Direct-Access     VBOX     HARDDISK         1.0  PQ: 0 ANSI: 5
[   21.574015] scsi target2:0:0: Beginning Domain Validation
[   21.575282] scsi target2:0:0: Domain Validation skipping write tests
[   21.597066] floppy0: no floppy controllers found
[   21.598642] scsi target2:0:0: Ending Domain Validation
[   21.599343] scsi target2:0:0: asynchronous
[   22.071260] scsi 2:0:1:0: Direct-Access     VBOX     HARDDISK         1.0  PQ: 0 ANSI: 5
[   22.211036] scsi target2:0:1: Beginning Domain Validation
[   22.212613] scsi target2:0:1: Domain Validation skipping write tests
[   22.213478] scsi target2:0:1: Ending Domain Validation
[   22.214341] scsi target2:0:1: asynchronous
[   22.221606] sd 2:0:0:0: [sda] 20971520 512-byte logical blocks: (10.7 GB/10.0 GiB)
[   22.221633] sd 2:0:0:0: Attached scsi generic sg0 type 0
[   22.227990] sd 2:0:1:0: [sdb] 20480 512-byte logical blocks: (10.5 MB/10.0 MiB)
[   22.228091] sd 2:0:0:0: [sda] Write Protect is off
[   22.228121] sd 2:0:1:0: Attached scsi generic sg1 type 0
[   22.228151] sd 2:0:0:0: [sda] Incomplete mode parameter data
[   22.228152] sd 2:0:0:0: [sda] Assuming drive cache: write through
[   22.228932]  sda: sda1
[   22.229413] sd 2:0:0:0: [sda] Attached SCSI disk
[   22.271686] sd 2:0:1:0: [sdb] Write Protect is off
[   22.290368] sd 2:0:1:0: [sdb] Incomplete mode parameter data
[   22.307477] sd 2:0:1:0: [sdb] Assuming drive cache: write through
[   22.310848] sd 2:0:1:0: [sdb] Attached SCSI disk
Begin: Loading e[   23.571006] md: linear personality registered for level -1
ssential drivers ... [   23.642951] md: multipath personality registered for level -4
[   23.704398] md: raid0 personality registered for level 0
[   23.721949] md: raid1 personality registered for level 1
[   23.798067] raid6: sse2x1   gen() 12723 MB/s
[   23.882070] raid6: sse2x1   xor()  9906 MB/s
[   23.958058] raid6: sse2x2   gen() 16634 MB/s
[   24.062071] raid6: sse2x2   xor() 10989 MB/s
[   24.150069] raid6: sse2x4   gen() 18824 MB/s
[   24.234059] raid6: sse2x4   xor() 13067 MB/s
[   24.239816] raid6: using algorithm sse2x4 gen() 18824 MB/s
[   24.254454] raid6: .... xor() 13067 MB/s, rmw enabled
[   24.318477] raid6: using ssse3x2 recovery algorithm
[   24.319969] xor: automatically using best checksumming function:
[   24.362044]    avx       : 63295.000 MB/sec
[   24.451922] async_tx: api initialized (async)
[   24.484092] md: raid6 personality registered for level 6
[   24.569938] md: raid5 personality registered for level 5
[   24.574611] md: raid4 personality registered for level 4
[   24.578955] md: raid10 personality registered for level 10
done.
Begin: Ru[   24.637902] Btrfs loaded
nning /scripts/init-premount ... done.
Begin: Mounting root file system ... Begin: Running /scripts/local-top ... done.
Begin: Running /scripts/local-premount ... Scanning for Btrfs filesystems
done.
Warning: fsck no[   24.690184] EXT4-fs (sda1): mounted filesystem with ordered data mode. Opts: (null)
t present, so skipping root file system
done.
Begin: Running /scripts/local-bottom ... done.
Begin: Running /scripts/init-bottom ... done.
[   24778822]]ssystemd[1]: systmm  229 runnnn  nnssystem mode. (+PAM +AUDIT +SELINUX +IMA +APPARMOR +SMACK +SYSVINIT +UTMP +LIBCRYPTSETUP +GCRYTT +NNUTLS +ACL +XZ -LZ4 +SECCOMP +BLKID +ELFUTILS +KMOD -IDN)
[   25.211169] systemd[1]: Detected virtualization oracle.
[   25.215903] systemd[1]: Detected architecture x86-64.

Welcome to [1mUbuntu 16.04.2 LTS[0m!

[ 25238448] systemd[1]: Set hostname to <ubuntu-xenial>.
[ 25912]ysmd]: Started Forward Password Requests to Wall Directory Watch.
[[0;32m  OK  [0m] Started Forward Password Requests to Wall Directory Watch.
[   25.746623] systemd[1]: Listening on Syslog Socket.
[[0;32m  OK  [0m] Listening on Syslog Socket.
[   25.747855] systemd[1]: Listening on udev Kernel Socket.
[[0;32m  OK  [0m] Listening on udev Kernel Socket.
[ 25984]ysmd]:etuputmount Arbitrary Executable File Formats File System Automount Poin. [[0;32m  OK  [0m] Set up automount Arbitrary Executab...ats File System Automount Point.
[ 265504syem1]StteTrigger resolvconf update for networkd DNS
[[0;32m  OK  [0m] Started Trigger resolvconf update for networkd DNS.
[   27.191297] systemd[1]: Reached target User and Group Name Lookups.
[[0;32m  OK  [0m] Reached target User and Group Name Lookups.
[   27.215174] systemd[1]: Listening on LVM2 poll daemon socket.
[[0;32m  OK  [0m] Listening on LVM2 poll daemon socket.
[   27.216945] systemd[1]: Reached target Encrypted Volumes.
[[0;32m  OK  [0m] Reached target Encrypted Volumes.
[   27.218497] systemd[1]: Listening on Journal Audit Socket.
[[0;32m  OK  [0m] Listening on Journal Audit Socket.
[   27.220145] systemd[1]: Listening on Journal Socket (/dev/log).
[[0;32m  OK  [0m] Listening on Journal Socket (/dev/log).
[   27.221808] systemd[1]: Listening on LVM2 metadata daemon socket.
[[0;32m  OK  [0m] Listening on LVM2 metadata daemon socket.
[   273168 sysmd]:isni oDeicmaerve dmoFIs. [[0;32m  OK  [0m] Listening on Device-mapper event daemon FIFOs.
[ 282254] syte[1: Listening on Journal Soke
[[0;32m  OK  [0m] Listening on Journal Socket.
[   28.919900] systemd[1]: Created slice User and Session Slice.
[[0;32m  OK  [0m] Created slice User and Session Slice.
[   28.942401] systemd[1]: Listening on /dev/initctl Compatibility Named Pipe.
[[0;32m  OK  [0m] Listening on /dev/initctl Compatibility Named Pipe.
[   29.189874] systemd[1]: Listening on udev Control Socket.
[[0;32m  OK  [0m] Listening on udev Control Socket.
[   29.192554] systemd[1]: Created slice System Slice.
[[0;32m  OK  [0m] Created slice System Slice.
[   29.193882] systemd[1]: Created slice system-serial\x2dgetty.slice.
[[0;32m  OK  [0m] Created slice system-serial\x2dgetty.slice.
[ 292090syemd[1]: Starting Load KeneMole..
         [   29.646332] Loading iSCSI transport class v2.0-870.
Starting Load Kernel Modules...
[   29.663317] systemd[1]: Starting Uncomplicated firewall...
         [   29.675949] iscsi: registered transport (tcp)
Starting Uncomplicated firewall...
[   29.700231] systemd[1]: Starting Create list of required static device nodes for the current kernel...
         Starting Create list of required st... nodes for the current kernel...
[   29.747921] iscsi: registered transport (iser)
[   30.126468] systemd1]: Created slice system-postgresql.slice.
[[0;32m  OK  [0m] Created slice system-postgresql.slice.
[   30.204773] systemd[1]: Reached target Slices.
[[0;32m  OK  [0m] Reached target Slices.
[  3.282] random: nonblocking pool is initialized
[   30.350394] systemd[1]: Mounting Debug File System...
         Mounting Debug File System...
[   30.360954] systemd[1]: Mounting POSIX Message Queue File System...
         Mounting POSIX Message Queue File System...
[   30.458213] systemd[1]: Starting Remount Root and Kernel File Systems...
         Starting Remount Root and Kernel File Systems...
[   30.472876] EXT4-fs (sda1): re-mounted. Opts: (null)
[   30.472991] systemd[1]: Starting Set console keymap...
         Starting Set console keymap...
[   30.523724] systemd[1]: Starting Nameserver information manager...
         Starting Nameserver information manager...
[   30.578150] systemd[1]: Mounting Huge Pages File System...
         Mounting Huge Pages File System...
[   30.639585] systemd[1]: Starting Monitoring of LVM2 mirrors, snapshots etc. using dmeventd or progress polling...
         Starting Monitoring of LVM2 mirrors... dmeventd or progress polling...
[   30.690456] systemd[1]: Starting Journal Service...
         Starting Journal Service...
[   30.755614] systemd[1]: Mounted POSIX Message Queue File System.
[[0;32m  OK  [0m] Mounted POSIX Message Queue File System.
[   30.774091] systemd[1]: Mounted Huge Pages File System.
[[0;32m  OK  [0m] Mounted Huge Pages File System.
[ 30850245] systemd[1]: Mounted Debug File System.
[[0;32m  OK  [0m] Mounted Debug File System.
[   31.131719] systemd[1]: Started Journal Service.
[[0;32m  OK  [0m] Started Journal Service.
[[0;32m  OK  [0m] Started Load Kernel Modules.
[[0;32m  OK  [0m] Started Uncomplicated firewall.
[[0;32m  OK  [0m] Started Create list of required sta...ce nodes for the current kernel.
[[0;32m  OK  [0m] Started Remount Root and Kernel File Systems.
[[0;32m  OK  [0m] Started Set console keymap.
[[0;32m  OK  [0m] Started Nameserver information manager.
[[0;32m  OK  [0m] Started LVM2 metadata daemon.
         Activating swap /swapfile...
[   31.456880] Adding 4194300k swap on /swapfile.  Priority:-1 extents:7 across:4579324k FS
         Starting udev Coldplug all Devices...
         Starting Initial cloud-init job (pre-networking)...
         Starting Load/Save Random Seed...
         Starting Create Static Device Nodes in /dev...
         Mounting FUSE Control File System...
         Starting Apply Kernel Variables...
         Starting Flush Journal to Persistent Storage...
[[0;32m  OK  [0m] Activated swap /swapfile.
[[0;32m  OK  [0m] Mounted FUSE Control File System.
[[0;32m  OK  [0m] Started Monitoring of LVM2 mirrors,...ng dmeventd or progress polling.
[[0;32m  OK  [0m] Started Load/Save Random Seed.
[[0;32m  OK  [0m] Started Create Static Device Nodes in /dev.
[[0;32m  OK  [0m] Started Apply Kernel Variables.
[[0;32m  OK  [0m] Started udev Coldplug all Devices.
[[0;32m  OK  [0m] Started Flush Journal to Persistent Storage.
         Starting udev Kernel Device Manager...
[[0;32m  OK  [0m] Reached target Swap.
[[0;32m  OK  [0m] Started udev Kernel Device Manager.
[[0;32m  OK  [0m] Reached target Local File Systems (Pre).
[[0;32m  OK  [0m] Reached target Local File Systems.
         Starting Create Volatile Files and Directories...
         Starting Tell Plymouth To Write Out Runtime Data...
         Starting LSB: AppArmor initialization...
         Starting Set console font and keymap...
[[0;32m  OK  [0m] Started Dispatch Password Requests to Console Directory Watch.
[[0;32m  OK  [0m] Started Tell Plymouth To Write Out Runtime Data.
[[0;32m  OK  [0m] Found device /dev/ttyS0.
[   26.730876] cloud-init[482]: Cloud-init v. 0.7.9 running 'init-local' at Wed, 31 May 2017 18:36:59 +0000. Up 26.48 seconds.
[[0;32m  OK  [0m] Listening on Load/Save RF Kill Switch Status /dev/rfkill Watch.
[[0;32m  OK  [0m] Started LSB: AppArmor initialization.
[[0;32m  OK  [0m] Started Initial cloud-init job (pre-networking).
[[0;32m  OK  [0m] Found device 82540EM Gigabit Ethern...r (PRO/1000 MT Desktop Adapter).
[[0;32m  OK  [0m] Reached target Network (Pre).
[[0;32m  OK  [0m] Started ifup for enp0s3.
         Starting Raise network interfaces...
[[0;32m  OK  [0m] Started Create Volatile Files and Directories.
[[0;32m  OK  [0m] Started Set console font and keymap.
[[0;32m  OK  [0m] Created slice system-getty.slice.
[[0;32m  OK  [0m] Reached target System Time Synchronized.
         Starting Update UTMP about System Boot/Shutdown...
[[0;32m  OK  [0m] Started Update UTMP about System Boot/Shutdown.
[[0;32m  OK  [0m] Started Raise network interfaces.
         Starting Initial cloud-init job (metadata service crawler)...
[[0;32m  OK  [0m] Reached target Network.
[   29.997007] cloud-init[1008]: Cloud-init v. 0.7.9 running 'init' at Wed, 31 May 2017 18:37:02 +0000. Up 29.83 seconds.
[   30.003193] cloud-init[1008]: ci-info: +++++++++++++++++++++++++++++++++++++Net device info++++++++++++++++++++++++++++++++++++++
[   30.016361] cloud-init[1008]: ci-info: +--------+------+----------------------------+---------------+-------+-------------------+
[   30.036209] [cloud-init[0;32m  OK  [0m[1008]: ] ci-info: | Device |  Up  |          Address           |      Mask     | Scope |     Hw-Address    |Started Initial cloud-init job (metadata service crawler).

[   30.036370] cloud-init[1008]: ci-info: +--------+------+----------------------------+---------------+-------+-------------------+
[   30.049921] [cloud-init[0;32m  OK  [0m[1008]: ] ci-info: | enp0s3 | True |         10.0.2.15          | 255.255.255.0 |   .   | 02:a1:c7:cf:6b:93 |Reached target System Initialization.

[   30.053230] [cloud-init[0;32m  OK  [0m[1008]: ] ci-info: | enp0s3 | True | fe80::a1:c7ff:fecf:6b93/64 |       .       |  link | 02:a1:c7:cf:6b:93 |Started ACPI Events Check.

[   30.053396] [cloud-init[0;32m  OK  [0m[1008]: ] ci-info: |   lo   | True |         127.0.0.1          |   255.0.0.0   |   .   |         .         |Reached target Paths.

[[   30.054584] [0;32m  OK  [0mcloud-init] [1008]: Listening on UUID daemon activation socket.ci-info: |   lo   | True |          ::1/128           |       .       |  host |         .         |

[   30.104892] [cloud-init[0;32m  OK  [0m[1008]: ] ci-info: +--------+------+----------------------------+---------------+-------+-------------------+Listening on ACPID Listen Socket.

[[   30.105046] [0;32m  OK  [0mcloud-init] [1008]: Started Daily Cleanup of Temporary Directories.ci-info: +++++++++++++++++++++++++++Route IPv4 info++++++++++++++++++++++++++++

[   30.140709]          cloud-initStarting LXD - unix socket.[1008]: 
ci-info: +-------+-------------+----------+---------------+-----------+-------+
[   30.143132] [cloud-init[0;32m  OK  [0m[1008]: ] ci-info: | Route | Destination | Gateway  |    Genmask    | Interface | Flags |Listening on D-Bus System Message Bus Socket.

[   30.161402] [cloud-init[0;32m  OK  [0m[1008]: ] ci-info: +-------+-------------+----------+---------------+-----------+-------+Started Daily apt activities.

[[   30.161537] [0;32m  OK  [0mcloud-init] [1008]: Started Timer to automatically refresh installed snaps.ci-info: |   0   |   0.0.0.0   | 10.0.2.2 |    0.0.0.0    |   enp0s3  |   UG  |

[   30.167925] [cloud-init[0;32m  OK  [0m[1008]: ] ci-info: |   1   |   10.0.2.0  | 0.0.0.0  | 255.255.255.0 |   enp0s3  |   U   |Reached target Timers.

[   30.168122] cloud-init[1008]: ci-info: +-------+-------------+----------+---------------+-----------+-------+
         Starting Socket activation for snappy daemon.
[[0;32m  OK  [0m] Reached target Cloud-config availability.
[[0;32m  OK  [0m] Reached target Network is Online.
         Starting iSCSI initiator daemon (iscsid)...
[[0;32m  OK  [0m] Listening on LXD - unix socket.
[[0;32m  OK  [0m] Listening on Socket activation for snappy daemon.
[[0;32m  OK  [0m] Started iSCSI initiator daemon (iscsid).
         Starting Login to default iSCSI targets...
[[0;32m  OK  [0m] Reached target Sockets.
[[0;32m  OK  [0m] Reached target Basic System.
         Starting System Logging Service...
         Starting Apply the settings specified in cloud-config...
         Starting Advanced key-value store...
         Starting Elasticsearch...
         Starting RabbitMQ broker...
         Starting /etc/rc.local Compatibility...
[[0;32m  OK  [0m] Started Regular background program processing daemon.
[[0;32m  OK  [0m] Started Unattended Upgrades Shutdown.
[[0;32m  OK  [0m] Started Kibana.
         Starting PostgreSQL Cluster 9.5-main...
[[0;32m  OK  [0m] Started FUSE filesystem for LXC.
         Starting LSB: Record successful boot for GRUB...
         Starting A high performance web server and a reverse proxy server...
[[0;32m  OK  [0m] Started Snappy daemon.
         Starting Auto import assertions from block devices...
         Starting Login Service...
[[0;32m  OK  [0m] Started ACPI event daemon.
[   30.753436] cloud-init[1071]: Cloud-init v. 0.7.9 running 'modules:config' at Wed, 31 May 2017 18:37:03 +0000. Up 30.64 seconds.
[[0;32m  OK  [0m] Started D-Bus System Message Bus.
         Starting Accounts Service...
         Starting LSB: MD monitoring daemon...
         Starting OpenBSD Secure Shell server...
[[0;32m  OK  [0m] Started Deferred execution scheduler.
         Starting LXD - container startup/shutdown...
[[0;32m  OK  [0m] Started System Logging Service.
[[0;32m  OK  [0m] Started OpenBSD Secure Shell server.
[[0;32m  OK  [0m] Started Apply the settings specified in cloud-config.
[[0;32m  OK  [0m] Started Elasticsearch.
[[0;32m  OK  [0m] Started /etc/rc.local Compatibility.
[[0;32m  OK  [0m] Started Auto import assertions from block devices.
[[0;32m  OK  [0m] Started LXD - container startup/shutdown.
[[0;32m  OK  [0m] Started A high performance web server and a reverse proxy server.
[[0;32m  OK  [0m] Started Advanced key-value store.
[[0;32m  OK  [0m] Started Login to default iSCSI targets.
[[0;32m  OK  [0m] Started LSB: Record successful boot for GRUB.
[[0;32m  OK  [0m] Started LSB: MD monitoring daemon.
[[0;32m  OK  [0m] Started Login Service.
         Starting Authenticate and Authorize Users to Run Privileged Tasks...
[[0;32m  OK  [0m] Reached target Remote File Systems (Pre).
[[0;32m  OK  [0m] Reached target Remote File Systems.
         Starting LSB: automatic crash report generation...
         Starting LSB: Set the CPU Frequency Scaling governor to "ondemand"...
         Starting LSB: VirtualBox Linux Additions...
         Starting Permit User Sessions...
         Starting LSB: Start/stop sysstat's sadc...
         Starting LSB: daemon to balance interrupts for SMP systems...
[[0;32m  OK  [0m] Started Permit User Sessions.
[[0;32m  OK  [0m] Started Authenticate and Authorize Users to Run Privileged Tasks.
[[0;32m  OK  [0m] Started Accounts Service.
[[0;32m  OK  [0m] Started LSB: Set the CPU Frequency Scaling governor to "ondemand".
[[0;32m  OK  [0m] Started LSB: automatic crash report generation.
[[0;32m  OK  [0m] Created slice User Slice of ubuntu.
         Starting User Manager for UID 1000...
[[0;32m  OK  [0m] Started Session 1 of user ubuntu.
         Starting Terminate Plymouth Boot Screen...
         Starting Hold until boot process finishes up...
[[0;32m  OK  [0m] Started User Manager for UID 1000.
[[0;32m  OK  [0m] Started LSB: VirtualBox Linux Additions.
[[0;32m  OK  [0m] Started LSB: Start/stop sysstat's sadc.
[[0;32m  OK  [0m] Started LSB: daemon to balance interrupts for SMP systems.
[[0;32m  OK  [0m] Started Terminate Plymouth Boot Screen.
[[0;32m  OK  [0m] Started Hold until boot process finishes up.
[[0;32m  OK  [0m] Started Serial Getty on ttyS0.
         Starting Set console scheme...
[[0;32m  OK  [0m] Started Getty on tty1.
[[0;32m  OK  [0m] Reached target Login Prompts.
[[0;32m  OK  [0m] Started Set console scheme.
[[0;32m  OK  [0m] Started PostgreSQL Cluster 9.5-main.
         Starting PostgreSQL RDBMS...
[[0;32m  OK  [0m] Started PostgreSQL RDBMS.
         Stopping User Manager for UID 1000...
[[0;32m  OK  [0m] Stopped User Manager for UID 1000.
[[0;32m  OK  [0m] Removed slice User Slice of ubuntu.
[[0;32m  OK  [0m] Started RabbitMQ broker.
[[0;32m  OK  [0m] Reached target Multi-User System.
[[0;32m  OK  [0m] Reached target Graphical Interface.
         Starting Execute cloud user/final scripts...
         Starting Update UTMP about System Runlevel Changes...
[[0;32m  OK  [0m] Started Update UTMP about System Runlevel Changes.
[   34.372764] cloud-init[1715]: Cloud-init v. 0.7.9 running 'modules:final' at Wed, 31 May 2017 18:37:06 +0000. Up 34.30 seconds.
[[0;32m  OK  [0m] Started Execute cloud user/final scripts.
[   34.476395] cloud-init[1715]: Cloud-init v. 0.7.9 finished at Wed, 31 May 2017 18:37:06 +0000. Datasource DataSourceNoCloud [seed=/dev/sdb][dsmode=net].  Up 34.36 seconds
[[0;32m  OK  [0m] Reached target Cloud-init target.

Ubuntu 16.04.2 LTS ubuntu-xenial ttyS0

ubuntu-xenial login:          Stopping Session 2 of user ubuntu.
[[0;32m  OK  [0m] Stopped target Graphical Interface.
         Stopping Accounts Service...
[[0;32m  OK  [0m] Stopped target Timers.
[[0;32m  OK  [0m] Stopped Daily Cleanup of Temporary Directories.
[[0;32m  OK  [0m] Stopped Timer to automatically refresh installed snaps.
         Stopping Session 3 of user ubuntu.
[[0;32m  OK  [0m] Stopped target Cloud-init target.
         Stopping Authenticatn[[0;32m  OK  [0m] Stopped PostgreSQL RDBMS.
         Stopping PostgreSQL Cluster 9.5-main...
         Stopping LSB: daemon to balance interrupts for SMP systems...
         Stopping LSB: automatic crash report generation...
         Stopping FUSE filesystem for LXC...
         Stopping Regular background program processing daemon...
         Stopping Elasticsearch...
[[0;32m  OK  [0m] Closed Load/Save RF Kill Switch Status /dev/rfkill Watch.
         Stopping RabbitMQ broker...
         Stopping ACPI event daemon...
         Stopping LSB: Record successful boot for GRUB...
         Stopping Advanced key-value store...
[[0;32m  OK  [0m] Stopped target System Time Synchronized.
         Stopping LSB: Start/stop sysstat's sadc...
         Stopping User Manager for UID 1000...
         Stopping OpenBSD Secure Shell server...
         Stopping LSB: VirtualBox Linux Additions...
[[0;32m  OK  [0m] Unmounted /var/lib/lxcfs.
[[0;32m  OK  [0m] Stopped System Logging Service.
[[0;32m  OK  [0m] Stopped Regular background program processing daemon.
[[0;32m  OK  [0m] Stopped Kibana.
[[0;32m  OK  [0m] Stopped Snappy daemon.
[[0;32m  OK  [0m] Stopped ACPI event daemon.
[[0;32m  OK  [0m] Stopped Accounts Service.
[[0;32m  OK  [0m] Stopped OpenBSD Secure Shell server.
[[0;32m  OK  [0m] Stopped Deferred execution scheduler.
[[0;32m  OK  [0m] Stopped Elasticsearch.
[[0;32m  OK  [0m] Stopped Authenticate and Authorize Users to Run Privileged Tasks.
[[0;32m  OK  [0m] Stopped Serial Getty on ttyS0.
[[0;32m  OK  [0m] Stopped Getty on tty1.
[[0;32m  OK  [0m] Stopped User Manager for UID 1000.
[[0;32m  OK  [0m] Stopped Session 2 of user ubuntu.
[[0;32m  OK  [0m] Stopped D-Bus System Message Bus.
[[0;32m  OK  [0m] Stopped A high performance web server and a reverse proxy server.
[[0;32m  OK  [0m] Stopped Unattended Upgrades Shutdown.
[[0;32m  OK  [0m] Stopped FUSE filesystem for LXC.
[[0;32m  OK  [0m] Stopped LXD - container startup/shutdown.
[[0;32m  OK  [0m] Stopped LSB: MD monitoring daemon.
[[0;32m  OK  [0m] Stopped LSB: Set the CPU Frequency Scaling governor to "ondemand".
[[0;32m  OK  [0m] Stopped LSB: automatic crash report generation.
[[0;32m  OK  [0m] Stopped LSB: daemon to balance interrupts for SMP systems.
[[0;32m  OK  [0m] Stopped LSB: Record successful boot for GRUB.
[[0;32m  OK  [0m] Stopped LSB: Start/stop sysstat's sadc.
[[0;32m  OK  [0m] Stopped LSB: VirtualBox Linux Additions.
[[0;32m  OK  [0m] Stopped Advanced key-value store.
[[0;32m  OK  [0m] Removed slice system-getty.slice.
[[0;32m  OK  [0m] Removed slice system-serial\x2dgetty.slice.
[[0;32m  OK  [0m] Stopped /etc/rc.local Compatibility.
[[0;32m  OK  [0m] Stopped Session 3 of user ubuntu.
[[0;32m  OK  [0m] Removed slice User Slice of ubuntu.
         Stopping Permit User Sessions...
         Stopping Login Service...
[[0;32m  OK  [0m] Stopped RabbitMQ broker.
[[0;32m  OK  [0m] Stopped Permit User Sessions.
[[0;32m  OK  [0m] Stopped target Remote File Systems.
[[0;32m  OK  [0m] Stopped target Remote File Systems (Pre).
         Stopping Login to default iSCSI targets...
[[0;32m  OK  [0m] Stopped Login Service.
[[0;32m  OK  [0m] Stopped target User and Group Name Lookups.
[[0;32m  OK  [0m] Stopped Login to default iSCSI targets.
         Stopping iSCSI initiator daemon (iscsid)...
[[0;32m  OK  [0m] Stopped iSCSI initiator daemon (iscsid).
[[0;32m  OK  [0m] Stopped target Network is Online.
[[0;32m  OK  [0m] Stopped target Network.
[[0;32m  OK  [0m] Stopped PostgreSQL Cluster 9.5-main.
[[0;32m  OK  [0m] Removed slice system-postgresql.slice.
[[0;32m  OK  [0m] Stopped target Basic System.
[[0;32m  OK  [0m] Stopped target Sockets.
[[0;32m  OK  [0m] Closed D-Bus System Message Bus Socket.
[[0;32m  OK  [0m] Closed Socket activation for snappy daemon.
[[0;32m  OK  [0m] Closed Syslog Socket.
[[0;32m  OK  [0m] Closed UUID daemon activation socket.
[[0;32m  OK  [0m] Closed LXD - unix socket.
[[0;32m  OK  [0m] Closed ACPID Listen Socket.
[[0;32m  OK  [0m] Stopped target Slices.
[[0;32m  OK  [0m] Removed slice User and Session Slice.
[[0;32m  OK  [0m] Stopped target Paths.
[[0;32m  OK  [0m] Stopped Dispatch Password Requests to Console Directory Watch.
[[0;32m  OK  [0m] Stopped Forward Password Requests to Wall Directory Watch.
[[0;32m  OK  [0m] Stopped ACPI Events Check.
[[0;32m  OK  [0m] Stopped target System Initialization.
[[0;32m  OK  [0m] Stopped target Swap.
         Deactivating swap /swapfile...
         Stopping Update UTMP about System Boot/Shutdown...
[[0;32m  OK  [0m] Stopped target Encrypted Volumes.
         Stopping Load/Save Random Seed...
[[0;32m  OK  [0m] Stopped Initial cloud-init job (metadata service crawler).
         Stopping Raise network interfaces...
[[0;32m  OK  [0m] Deactivated swap /swapfile.
[[0;32m  OK  [0m] Stopped Load/Save Random Seed.
[[0;32m  OK  [0m] Stopped Update UTMP about System Boot/Shutdown.
[[0;32m  OK  [0m] Stopped Create Volatile Files and Directories.
[[0;32m  OK  [0m] Stopped Raise network interfaces.
[[0;32m  OK  [0m] Stopped target Network (Pre).
[[0;32m  OK  [0m] Stopped Initial cloud-init job (pre-networking).
[[0;32m  OK  [0m] Stopped Apply Kernel Variables.
[[0;32m  OK  [0m] Stopped Load Kernel Modules.
[[0;32m  OK  [0m] Stopped target Local File Systems.
         Unmounting /run/user/1000...
         Unmounting /vagrant...
         Unmounting /sys/kernel/debug/tracing...
[[0;32m  OK  [0m] Unmounted /run/user/1000.
[[0;32m  OK  [0m] Unmounted /vagrant.
[[0;32m  OK  [0m] Unmounted /sys/kernel/debug/tracing.
[[0;32m  OK  [0m] Reached target Unmount All Filesystems.
[[0;32m  OK  [0m] Stopped target Local File Systems (Pre).
         Stopping Monitoring of LVM2 mirrors... dmeventd or progress polling...
[[0;32m  OK  [0m] Stopped Remount Root and Kernel File Systems.
[[0;32m  OK  [0m] Stopped Create Static Device Nodes in /dev.
[[0;32m  OK  [0m] Reached target Shutdown.
[  406.929985] reboot: ow dn
